{
    "Should show --version": {
        "content": [
            {
                "stderr": [
                    
                ],
                "errorReport": "",
                "exitStatus": 0,
                "failed": false,
                "stdout": [
                    
                ],
                "errorMessage": "",
                "trace": {
                    "tasksFailed": 0,
                    "tasksCount": 0,
                    "tasksSucceeded": 0
                },
                "name": "workflow",
                "success": true
            }
        ],
        "timestamp": "2023-10-06T10:47:11.719143"
    },
    "Should show --help": {
        "content": [
            {
                "stderr": [
                    
                ],
                "errorReport": "",
                "exitStatus": 0,
                "failed": false,
                "stdout": [
                    
                ],
                "errorMessage": "",
                "trace": {
                    "tasksFailed": 0,
                    "tasksCount": 0,
                    "tasksSucceeded": 0
                },
                "name": "workflow",
                "success": true
            }
        ],
        "timestamp": "2023-10-06T10:47:13.759694"
    },
    "Should run without failures": {
        "content": [
            {
                "stderr": [
                    
                ],
                "errorReport": "",
                "exitStatus": 0,
                "failed": false,
                "stdout": [
                    
                ],
                "errorMessage": "",
                "trace": {
                    "tasksFailed": 0,
                    "tasksCount": 8,
                    "tasksSucceeded": 8
                },
                "name": "workflow",
                "success": true
            }
        ],
        "timestamp": "2023-10-11T16:50:16.543135"
    }
}